// Vitest Snapshot v1, https://vitest.dev/guide/snapshot.html

exports[`VehicleComparison Component > matches snapshot 1`] = `
<div>
  <div
    class="p-6 bg-white rounded-lg shadow"
  >
    <h2
      class="text-2xl font-bold mb-4"
    >
      Compare Vehicles
    </h2>
    <div
      class="grid grid-cols-1 md:grid-cols-3 gap-4"
    >
      <div
        class="border p-4 rounded"
      >
        <h3
          class="font-semibold"
        >
          Toyota Camry
        </h3>
        <p
          class="text-gray-600"
        >
          $
          50
          /day
        </p>
      </div>
      <div
        class="border p-4 rounded"
      >
        <h3
          class="font-semibold"
        >
          Honda Accord
        </h3>
        <p
          class="text-gray-600"
        >
          $
          55
          /day
        </p>
      </div>
    </div>
  </div>
</div>
`;
